{
  "errors": [
    {
      "message": "Employee with NI 22600 not found.",
      "locations": [
        {
          "line": 3,
          "column": 21
        }
      ],
      "path": [
        "a"
      ]
    },
    {
      "message": "User does not have permission to access 11112 resouce.",
      "locations": [
        {
          "line": 13,
          "column": 21
        }
      ],
      "path": [
        "b"
      ],
      "extensions": {
        "code": "FORBIDDEN"
      }
    },
    {
      "message": "User does not have permission to access 11110 resouce.",
      "locations": [
        {
          "line": 23,
          "column": 21
        }
      ],
      "path": [
        "c"
      ],
      "extensions": {
        "code": "FORBIDDEN"
      }
    }
  ],
  "data": {
    "a": null,
    "b": null,
    "c": null
  }
}
