{
  "data": {
    "employees": [
      {
        "id": 1,
        "ni": "11111",
        "numsap": "30001111",
        "biometricDetails": {
          "eyesColor": null,
          "heightCm": null,
          "bloodType": null
        }
      },
      {
        "id": 2,
        "ni": "11112",
        "numsap": "30001112",
        "biometricDetails": {
          "eyesColor": null,
          "heightCm": null,
          "bloodType": null
        }
      },
      {
        "id": 3,
        "ni": "11110",
        "numsap": "30001110",
        "biometricDetails": {
          "eyesColor": "brown",
          "heightCm": "180",
          "bloodType": "A+"
        }
      }
    ]
  }
}
