{
  "errors": [
    {
      "message": "User 11111 is not authenticated.",
      "locations": [
        {
          "line": 3,
          "column": 21
        }
      ],
      "path": [
        "employeeByNi"
      ],
      "extensions": {
        "code": "AUTH_NOT_AUTHENTICATED"
      }
    }
  ],
  "data": {
    "employeeByNi": null
  }
}
